// Jest Snapshot v1, https://goo.gl/fbAQLP

exports[`Table Component should match snapshot 1`] = `
<DocumentFragment>
  <div
    class="rounded mw-100 bg-white"
    style="height: 400px;"
  >
    <div
      class="p-3 MuiDataGrid-root MuiDataGrid-root--densityStandard MuiDataGrid-withBorderColor css-n3fyjk-MuiDataGrid-root"
      style="--DataGrid-width: 0px; --DataGrid-hasScrollX: 1; --DataGrid-hasScrollY: 0; --DataGrid-scrollbarSize: 0px; --DataGrid-rowWidth: 840px; --DataGrid-columnsTotalWidth: 840px; --DataGrid-leftPinnedWidth: 0px; --DataGrid-rightPinnedWidth: 0px; --DataGrid-headerHeight: 56px; --DataGrid-headersTotalHeight: 56px; --DataGrid-topContainerHeight: 56px; --DataGrid-bottomContainerHeight: 0px; --height: 52px;"
    >
      <div
        class="css-qtdhae"
        data-id="gridPanelAnchor"
        role="presentation"
      />
      <div
        class="d-flex justify-content-between mb-1"
      >
        <button
          class="MuiButtonBase-root MuiButton-root MuiButton-text MuiButton-textPrimary MuiButton-sizeSmall MuiButton-textSizeSmall MuiButton-colorPrimary MuiButton-root MuiButton-text MuiButton-textPrimary MuiButton-sizeSmall MuiButton-textSizeSmall MuiButton-colorPrimary css-1knaqv7-MuiButtonBase-root-MuiButton-root"
          tabindex="0"
          type="button"
        >
          <span
            class="MuiButton-icon MuiButton-startIcon MuiButton-iconSizeSmall css-y6rp3m-MuiButton-startIcon"
          >
            <svg
              fill="currentColor"
              height="1em"
              stroke="currentColor"
              stroke-width="0"
              viewBox="0 0 448 512"
              width="1em"
              xmlns="http://www.w3.org/2000/svg"
            >
              <path
                d="M256 80c0-17.7-14.3-32-32-32s-32 14.3-32 32V224H48c-17.7 0-32 14.3-32 32s14.3 32 32 32H192V432c0 17.7 14.3 32 32 32s32-14.3 32-32V288H400c17.7 0 32-14.3 32-32s-14.3-32-32-32H256V80z"
              />
            </svg>
          </span>
          Adicionar membro
          <span
            class="MuiTouchRipple-root css-8je8zh-MuiTouchRipple-root"
          />
        </button>
        <div
          aria-label="Search"
          class="MuiFormControl-root MuiTextField-root MuiDataGrid-toolbarQuickFilter css-3be3ve-MuiFormControl-root-MuiTextField-root-MuiDataGrid-toolbarQuickFilter"
          quickfilterprops="[object Object]"
        >
          <div
            class="MuiInputBase-root MuiInput-root MuiInput-underline MuiInputBase-colorPrimary MuiInputBase-formControl MuiInputBase-adornedStart MuiInputBase-adornedEnd css-1eed5fa-MuiInputBase-root-MuiInput-root"
          >
            <svg
              aria-hidden="true"
              class="MuiSvgIcon-root MuiSvgIcon-fontSizeSmall css-ptiqhd-MuiSvgIcon-root"
              data-testid="SearchIcon"
              focusable="false"
              viewBox="0 0 24 24"
            >
              <path
                d="M15.5 14h-.79l-.28-.27C15.41 12.59 16 11.11 16 9.5 16 5.91 13.09 3 9.5 3S3 5.91 3 9.5 5.91 16 9.5 16c1.61 0 3.09-.59 4.23-1.57l.27.28v.79l5 4.99L20.49 19l-4.99-5zm-6 0C7.01 14 5 11.99 5 9.5S7.01 5 9.5 5 14 7.01 14 9.5 11.99 14 9.5 14z"
              />
            </svg>
            <input
              aria-invalid="false"
              class="MuiInputBase-input MuiInput-input MuiInputBase-inputTypeSearch MuiInputBase-inputAdornedStart MuiInputBase-inputAdornedEnd css-c63i49-MuiInputBase-input-MuiInput-input"
              id=":r42:"
              placeholder="Searchâ€¦"
              type="search"
              value=""
            />
            <button
              aria-label="Clear"
              class="MuiButtonBase-root MuiIconButton-root MuiIconButton-sizeSmall css-fp9tcu-MuiButtonBase-root-MuiIconButton-root"
              tabindex="0"
              type="button"
            >
              <svg
                aria-hidden="true"
                class="MuiSvgIcon-root MuiSvgIcon-fontSizeSmall css-ptiqhd-MuiSvgIcon-root"
                data-testid="CloseIcon"
                focusable="false"
                viewBox="0 0 24 24"
              >
                <path
                  d="M19 6.41L17.59 5 12 10.59 6.41 5 5 6.41 10.59 12 5 17.59 6.41 19 12 13.41 17.59 19 19 17.59 13.41 12z"
                />
              </svg>
              <span
                class="MuiTouchRipple-root css-8je8zh-MuiTouchRipple-root"
              />
            </button>
          </div>
        </div>
      </div>
      <div
        aria-colcount="6"
        aria-multiselectable="false"
        aria-rowcount="2"
        class="MuiDataGrid-main css-3eek4p-MuiDataGrid-main"
        role="grid"
        tabindex="-1"
      >
        <div
          class="MuiDataGrid-virtualScroller css-1793420-MuiDataGrid-virtualScroller"
          role="presentation"
          style="overflow-x: hidden;"
          tabindex="-1"
        >
          <div
            class="MuiDataGrid-topContainer MuiDataGrid-container--top css-1oudwrl"
            role="presentation"
          >
            <div
              class="MuiDataGrid-columnHeaders css-1pmk00y-MuiDataGrid-columnHeaders"
              role="presentation"
            >
              <div
                aria-rowindex="1"
                class="css-yrdy0g-MuiDataGrid-columnHeaderRow"
                role="row"
              >
                <div
                  role="presentation"
                  style="width: 0px;"
                />
                <div
                  aria-colindex="1"
                  aria-label="ID"
                  aria-sort="none"
                  class="MuiDataGrid-columnHeader MuiDataGrid-columnHeader--sortable MuiDataGrid-withBorderColor"
                  data-field="id"
                  role="columnheader"
                  style="height: 56px; width: 90px; min-width: 90px; max-width: 90px;"
                  tabindex="0"
                >
                  <div
                    class="MuiDataGrid-columnHeaderDraggableContainer"
                    draggable="false"
                    role="presentation"
                  >
                    <div
                      class="MuiDataGrid-columnHeaderTitleContainer"
                      role="presentation"
                    >
                      <div
                        class="MuiDataGrid-columnHeaderTitleContainerContent"
                      >
                        <div
                          aria-label=""
                          class="MuiDataGrid-columnHeaderTitle css-t89xny-MuiDataGrid-columnHeaderTitle"
                          data-mui-internal-clone-element="true"
                        >
                          ID
                        </div>
                      </div>
                      <div
                        class="MuiDataGrid-iconButtonContainer css-ltf0zy-MuiDataGrid-iconButtonContainer"
                      >
                        <button
                          aria-label="Sort"
                          class="MuiButtonBase-root MuiIconButton-root MuiIconButton-sizeSmall css-1pe4mpk-MuiButtonBase-root-MuiIconButton-root"
                          tabindex="-1"
                          title="Sort"
                          type="button"
                        >
                          <svg
                            aria-hidden="true"
                            class="MuiSvgIcon-root MuiSvgIcon-fontSizeSmall MuiDataGrid-sortIcon css-ptiqhd-MuiSvgIcon-root"
                            data-testid="ArrowUpwardIcon"
                            focusable="false"
                            viewBox="0 0 24 24"
                          >
                            <path
                              d="M4 12l1.41 1.41L11 7.83V20h2V7.83l5.58 5.59L20 12l-8-8-8 8z"
                            />
                          </svg>
                          <span
                            class="MuiTouchRipple-root css-8je8zh-MuiTouchRipple-root"
                          />
                        </button>
                      </div>
                    </div>
                    <div
                      class="MuiDataGrid-menuIcon"
                    >
                      <button
                        aria-expanded="false"
                        aria-haspopup="menu"
                        aria-label="Menu"
                        class="MuiButtonBase-root MuiIconButton-root MuiIconButton-sizeSmall MuiDataGrid-menuIconButton css-1pe4mpk-MuiButtonBase-root-MuiIconButton-root"
                        data-mui-internal-clone-element="true"
                        id=":r46:"
                        tabindex="-1"
                        type="button"
                      >
                        <svg
                          aria-hidden="true"
                          class="MuiSvgIcon-root MuiSvgIcon-fontSizeSmall css-ptiqhd-MuiSvgIcon-root"
                          data-testid="TripleDotsVerticalIcon"
                          focusable="false"
                          viewBox="0 0 24 24"
                        >
                          <path
                            d="M12 8c1.1 0 2-.9 2-2s-.9-2-2-2-2 .9-2 2 .9 2 2 2zm0 2c-1.1 0-2 .9-2 2s.9 2 2 2 2-.9 2-2-.9-2-2-2zm0 6c-1.1 0-2 .9-2 2s.9 2 2 2 2-.9 2-2-.9-2-2-2z"
                          />
                        </svg>
                        <span
                          class="MuiTouchRipple-root css-8je8zh-MuiTouchRipple-root"
                        />
                      </button>
                    </div>
                  </div>
                  <div
                    class="MuiDataGrid-columnSeparator MuiDataGrid-columnSeparator--resizable MuiDataGrid-columnSeparator--sideRight"
                    style="min-height: 56px; opacity: 1;"
                  >
                    <svg
                      aria-hidden="true"
                      class="MuiSvgIcon-root MuiSvgIcon-fontSizeMedium MuiDataGrid-iconSeparator css-i4bv87-MuiSvgIcon-root"
                      data-testid="SeparatorIcon"
                      focusable="false"
                      viewBox="0 0 24 24"
                    >
                      <path
                        d="M11 19V5h2v14z"
                      />
                    </svg>
                  </div>
                </div>
                <div
                  aria-colindex="2"
                  aria-label="CÃ³digo"
                  aria-sort="none"
                  class="MuiDataGrid-columnHeader MuiDataGrid-columnHeader--sortable MuiDataGrid-withBorderColor"
                  data-field="codigo"
                  role="columnheader"
                  style="height: 56px; width: 150px; min-width: 150px; max-width: 150px;"
                  tabindex="-1"
                >
                  <div
                    class="MuiDataGrid-columnHeaderDraggableContainer"
                    draggable="false"
                    role="presentation"
                  >
                    <div
                      class="MuiDataGrid-columnHeaderTitleContainer"
                      role="presentation"
                    >
                      <div
                        class="MuiDataGrid-columnHeaderTitleContainerContent"
                      >
                        <div
                          aria-label=""
                          class="MuiDataGrid-columnHeaderTitle css-t89xny-MuiDataGrid-columnHeaderTitle"
                          data-mui-internal-clone-element="true"
                        >
                          CÃ³digo
                        </div>
                      </div>
                      <div
                        class="MuiDataGrid-iconButtonContainer css-ltf0zy-MuiDataGrid-iconButtonContainer"
                      >
                        <button
                          aria-label="Sort"
                          class="MuiButtonBase-root MuiIconButton-root MuiIconButton-sizeSmall css-1pe4mpk-MuiButtonBase-root-MuiIconButton-root"
                          tabindex="-1"
                          title="Sort"
                          type="button"
                        >
                          <svg
                            aria-hidden="true"
                            class="MuiSvgIcon-root MuiSvgIcon-fontSizeSmall MuiDataGrid-sortIcon css-ptiqhd-MuiSvgIcon-root"
                            data-testid="ArrowUpwardIcon"
                            focusable="false"
                            viewBox="0 0 24 24"
                          >
                            <path
                              d="M4 12l1.41 1.41L11 7.83V20h2V7.83l5.58 5.59L20 12l-8-8-8 8z"
                            />
                          </svg>
                          <span
                            class="MuiTouchRipple-root css-8je8zh-MuiTouchRipple-root"
                          />
                        </button>
                      </div>
                    </div>
                    <div
                      class="MuiDataGrid-menuIcon"
                    >
                      <button
                        aria-expanded="false"
                        aria-haspopup="menu"
                        aria-label="Menu"
                        class="MuiButtonBase-root MuiIconButton-root MuiIconButton-sizeSmall MuiDataGrid-menuIconButton css-1pe4mpk-MuiButtonBase-root-MuiIconButton-root"
                        data-mui-internal-clone-element="true"
                        id=":r4a:"
                        tabindex="-1"
                        type="button"
                      >
                        <svg
                          aria-hidden="true"
                          class="MuiSvgIcon-root MuiSvgIcon-fontSizeSmall css-ptiqhd-MuiSvgIcon-root"
                          data-testid="TripleDotsVerticalIcon"
                          focusable="false"
                          viewBox="0 0 24 24"
                        >
                          <path
                            d="M12 8c1.1 0 2-.9 2-2s-.9-2-2-2-2 .9-2 2 .9 2 2 2zm0 2c-1.1 0-2 .9-2 2s.9 2 2 2 2-.9 2-2-.9-2-2-2zm0 6c-1.1 0-2 .9-2 2s.9 2 2 2 2-.9 2-2-.9-2-2-2z"
                          />
                        </svg>
                        <span
                          class="MuiTouchRipple-root css-8je8zh-MuiTouchRipple-root"
                        />
                      </button>
                    </div>
                  </div>
                  <div
                    class="MuiDataGrid-columnSeparator MuiDataGrid-columnSeparator--resizable MuiDataGrid-columnSeparator--sideRight"
                    style="min-height: 56px; opacity: 1;"
                  >
                    <svg
                      aria-hidden="true"
                      class="MuiSvgIcon-root MuiSvgIcon-fontSizeMedium MuiDataGrid-iconSeparator css-i4bv87-MuiSvgIcon-root"
                      data-testid="SeparatorIcon"
                      focusable="false"
                      viewBox="0 0 24 24"
                    >
                      <path
                        d="M11 19V5h2v14z"
                      />
                    </svg>
                  </div>
                </div>
                <div
                  aria-colindex="3"
                  aria-label="Nome"
                  aria-sort="none"
                  class="MuiDataGrid-columnHeader MuiDataGrid-columnHeader--sortable MuiDataGrid-withBorderColor"
                  data-field="name"
                  role="columnheader"
                  style="height: 56px; width: 150px; min-width: 150px; max-width: 150px;"
                  tabindex="-1"
                >
                  <div
                    class="MuiDataGrid-columnHeaderDraggableContainer"
                    draggable="false"
                    role="presentation"
                  >
                    <div
                      class="MuiDataGrid-columnHeaderTitleContainer"
                      role="presentation"
                    >
                      <div
                        class="MuiDataGrid-columnHeaderTitleContainerContent"
                      >
                        <div
                          aria-label=""
                          class="MuiDataGrid-columnHeaderTitle css-t89xny-MuiDataGrid-columnHeaderTitle"
                          data-mui-internal-clone-element="true"
                        >
                          Nome
                        </div>
                      </div>
                      <div
                        class="MuiDataGrid-iconButtonContainer css-ltf0zy-MuiDataGrid-iconButtonContainer"
                      >
                        <button
                          aria-label="Sort"
                          class="MuiButtonBase-root MuiIconButton-root MuiIconButton-sizeSmall css-1pe4mpk-MuiButtonBase-root-MuiIconButton-root"
                          tabindex="-1"
                          title="Sort"
                          type="button"
                        >
                          <svg
                            aria-hidden="true"
                            class="MuiSvgIcon-root MuiSvgIcon-fontSizeSmall MuiDataGrid-sortIcon css-ptiqhd-MuiSvgIcon-root"
                            data-testid="ArrowUpwardIcon"
                            focusable="false"
                            viewBox="0 0 24 24"
                          >
                            <path
                              d="M4 12l1.41 1.41L11 7.83V20h2V7.83l5.58 5.59L20 12l-8-8-8 8z"
                            />
                          </svg>
                          <span
                            class="MuiTouchRipple-root css-8je8zh-MuiTouchRipple-root"
                          />
                        </button>
                      </div>
                    </div>
                    <div
                      class="MuiDataGrid-menuIcon"
                    >
                      <button
                        aria-expanded="false"
                        aria-haspopup="menu"
                        aria-label="Menu"
                        class="MuiButtonBase-root MuiIconButton-root MuiIconButton-sizeSmall MuiDataGrid-menuIconButton css-1pe4mpk-MuiButtonBase-root-MuiIconButton-root"
                        data-mui-internal-clone-element="true"
                        id=":r4e:"
                        tabindex="-1"
                        type="button"
                      >
                        <svg
                          aria-hidden="true"
                          class="MuiSvgIcon-root MuiSvgIcon-fontSizeSmall css-ptiqhd-MuiSvgIcon-root"
                          data-testid="TripleDotsVerticalIcon"
                          focusable="false"
                          viewBox="0 0 24 24"
                        >
                          <path
                            d="M12 8c1.1 0 2-.9 2-2s-.9-2-2-2-2 .9-2 2 .9 2 2 2zm0 2c-1.1 0-2 .9-2 2s.9 2 2 2 2-.9 2-2-.9-2-2-2zm0 6c-1.1 0-2 .9-2 2s.9 2 2 2 2-.9 2-2-.9-2-2-2z"
                          />
                        </svg>
                        <span
                          class="MuiTouchRipple-root css-8je8zh-MuiTouchRipple-root"
                        />
                      </button>
                    </div>
                  </div>
                  <div
                    class="MuiDataGrid-columnSeparator MuiDataGrid-columnSeparator--resizable MuiDataGrid-columnSeparator--sideRight"
                    style="min-height: 56px; opacity: 1;"
                  >
                    <svg
                      aria-hidden="true"
                      class="MuiSvgIcon-root MuiSvgIcon-fontSizeMedium MuiDataGrid-iconSeparator css-i4bv87-MuiSvgIcon-root"
                      data-testid="SeparatorIcon"
                      focusable="false"
                      viewBox="0 0 24 24"
                    >
                      <path
                        d="M11 19V5h2v14z"
                      />
                    </svg>
                  </div>
                </div>
                <div
                  aria-colindex="4"
                  aria-label="Email"
                  aria-sort="none"
                  class="MuiDataGrid-columnHeader MuiDataGrid-columnHeader--sortable MuiDataGrid-withBorderColor"
                  data-field="email"
                  role="columnheader"
                  style="height: 56px; width: 200px; min-width: 200px; max-width: 200px;"
                  tabindex="-1"
                >
                  <div
                    class="MuiDataGrid-columnHeaderDraggableContainer"
                    draggable="false"
                    role="presentation"
                  >
                    <div
                      class="MuiDataGrid-columnHeaderTitleContainer"
                      role="presentation"
                    >
                      <div
                        class="MuiDataGrid-columnHeaderTitleContainerContent"
                      >
                        <div
                          aria-label=""
                          class="MuiDataGrid-columnHeaderTitle css-t89xny-MuiDataGrid-columnHeaderTitle"
                          data-mui-internal-clone-element="true"
                        >
                          Email
                        </div>
                      </div>
                      <div
                        class="MuiDataGrid-iconButtonContainer css-ltf0zy-MuiDataGrid-iconButtonContainer"
                      >
                        <button
                          aria-label="Sort"
                          class="MuiButtonBase-root MuiIconButton-root MuiIconButton-sizeSmall css-1pe4mpk-MuiButtonBase-root-MuiIconButton-root"
                          tabindex="-1"
                          title="Sort"
                          type="button"
                        >
                          <svg
                            aria-hidden="true"
                            class="MuiSvgIcon-root MuiSvgIcon-fontSizeSmall MuiDataGrid-sortIcon css-ptiqhd-MuiSvgIcon-root"
                            data-testid="ArrowUpwardIcon"
                            focusable="false"
                            viewBox="0 0 24 24"
                          >
                            <path
                              d="M4 12l1.41 1.41L11 7.83V20h2V7.83l5.58 5.59L20 12l-8-8-8 8z"
                            />
                          </svg>
                          <span
                            class="MuiTouchRipple-root css-8je8zh-MuiTouchRipple-root"
                          />
                        </button>
                      </div>
                    </div>
                    <div
                      class="MuiDataGrid-menuIcon"
                    >
                      <button
                        aria-expanded="false"
                        aria-haspopup="menu"
                        aria-label="Menu"
                        class="MuiButtonBase-root MuiIconButton-root MuiIconButton-sizeSmall MuiDataGrid-menuIconButton css-1pe4mpk-MuiButtonBase-root-MuiIconButton-root"
                        data-mui-internal-clone-element="true"
                        id=":r4i:"
                        tabindex="-1"
                        type="button"
                      >
                        <svg
                          aria-hidden="true"
                          class="MuiSvgIcon-root MuiSvgIcon-fontSizeSmall css-ptiqhd-MuiSvgIcon-root"
                          data-testid="TripleDotsVerticalIcon"
                          focusable="false"
                          viewBox="0 0 24 24"
                        >
                          <path
                            d="M12 8c1.1 0 2-.9 2-2s-.9-2-2-2-2 .9-2 2 .9 2 2 2zm0 2c-1.1 0-2 .9-2 2s.9 2 2 2 2-.9 2-2-.9-2-2-2zm0 6c-1.1 0-2 .9-2 2s.9 2 2 2 2-.9 2-2-.9-2-2-2z"
                          />
                        </svg>
                        <span
                          class="MuiTouchRipple-root css-8je8zh-MuiTouchRipple-root"
                        />
                      </button>
                    </div>
                  </div>
                  <div
                    class="MuiDataGrid-columnSeparator MuiDataGrid-columnSeparator--resizable MuiDataGrid-columnSeparator--sideRight"
                    style="min-height: 56px; opacity: 1;"
                  >
                    <svg
                      aria-hidden="true"
                      class="MuiSvgIcon-root MuiSvgIcon-fontSizeMedium MuiDataGrid-iconSeparator css-i4bv87-MuiSvgIcon-root"
                      data-testid="SeparatorIcon"
                      focusable="false"
                      viewBox="0 0 24 24"
                    >
                      <path
                        d="M11 19V5h2v14z"
                      />
                    </svg>
                  </div>
                </div>
                <div
                  aria-colindex="5"
                  aria-label="Telefone"
                  aria-sort="none"
                  class="MuiDataGrid-columnHeader MuiDataGrid-columnHeader--sortable MuiDataGrid-withBorderColor"
                  data-field="telephone"
                  role="columnheader"
                  style="height: 56px; width: 150px; min-width: 150px; max-width: 150px;"
                  tabindex="-1"
                >
                  <div
                    class="MuiDataGrid-columnHeaderDraggableContainer"
                    draggable="false"
                    role="presentation"
                  >
                    <div
                      class="MuiDataGrid-columnHeaderTitleContainer"
                      role="presentation"
                    >
                      <div
                        class="MuiDataGrid-columnHeaderTitleContainerContent"
                      >
                        <div
                          aria-label=""
                          class="MuiDataGrid-columnHeaderTitle css-t89xny-MuiDataGrid-columnHeaderTitle"
                          data-mui-internal-clone-element="true"
                        >
                          Telefone
                        </div>
                      </div>
                      <div
                        class="MuiDataGrid-iconButtonContainer css-ltf0zy-MuiDataGrid-iconButtonContainer"
                      >
                        <button
                          aria-label="Sort"
                          class="MuiButtonBase-root MuiIconButton-root MuiIconButton-sizeSmall css-1pe4mpk-MuiButtonBase-root-MuiIconButton-root"
                          tabindex="-1"
                          title="Sort"
                          type="button"
                        >
                          <svg
                            aria-hidden="true"
                            class="MuiSvgIcon-root MuiSvgIcon-fontSizeSmall MuiDataGrid-sortIcon css-ptiqhd-MuiSvgIcon-root"
                            data-testid="ArrowUpwardIcon"
                            focusable="false"
                            viewBox="0 0 24 24"
                          >
                            <path
                              d="M4 12l1.41 1.41L11 7.83V20h2V7.83l5.58 5.59L20 12l-8-8-8 8z"
                            />
                          </svg>
                          <span
                            class="MuiTouchRipple-root css-8je8zh-MuiTouchRipple-root"
                          />
                        </button>
                      </div>
                    </div>
                    <div
                      class="MuiDataGrid-menuIcon"
                    >
                      <button
                        aria-expanded="false"
                        aria-haspopup="menu"
                        aria-label="Menu"
                        class="MuiButtonBase-root MuiIconButton-root MuiIconButton-sizeSmall MuiDataGrid-menuIconButton css-1pe4mpk-MuiButtonBase-root-MuiIconButton-root"
                        data-mui-internal-clone-element="true"
                        id=":r4m:"
                        tabindex="-1"
                        type="button"
                      >
                        <svg
                          aria-hidden="true"
                          class="MuiSvgIcon-root MuiSvgIcon-fontSizeSmall css-ptiqhd-MuiSvgIcon-root"
                          data-testid="TripleDotsVerticalIcon"
                          focusable="false"
                          viewBox="0 0 24 24"
                        >
                          <path
                            d="M12 8c1.1 0 2-.9 2-2s-.9-2-2-2-2 .9-2 2 .9 2 2 2zm0 2c-1.1 0-2 .9-2 2s.9 2 2 2 2-.9 2-2-.9-2-2-2zm0 6c-1.1 0-2 .9-2 2s.9 2 2 2 2-.9 2-2-.9-2-2-2z"
                          />
                        </svg>
                        <span
                          class="MuiTouchRipple-root css-8je8zh-MuiTouchRipple-root"
                        />
                      </button>
                    </div>
                  </div>
                  <div
                    class="MuiDataGrid-columnSeparator MuiDataGrid-columnSeparator--resizable MuiDataGrid-columnSeparator--sideRight"
                    style="min-height: 56px; opacity: 1;"
                  >
                    <svg
                      aria-hidden="true"
                      class="MuiSvgIcon-root MuiSvgIcon-fontSizeMedium MuiDataGrid-iconSeparator css-i4bv87-MuiSvgIcon-root"
                      data-testid="SeparatorIcon"
                      focusable="false"
                      viewBox="0 0 24 24"
                    >
                      <path
                        d="M11 19V5h2v14z"
                      />
                    </svg>
                  </div>
                </div>
                <div
                  aria-colindex="6"
                  aria-label="AÃ§Ãµes"
                  aria-sort="none"
                  class="MuiDataGrid-columnHeader MuiDataGrid-columnHeader--alignCenter MuiDataGrid-withBorderColor MuiDataGrid-columnHeader--last"
                  data-field="actions"
                  role="columnheader"
                  style="height: 56px; width: 100px; min-width: 100px; max-width: 100px;"
                  tabindex="-1"
                >
                  <div
                    class="MuiDataGrid-columnHeaderDraggableContainer"
                    draggable="false"
                    role="presentation"
                  >
                    <div
                      class="MuiDataGrid-columnHeaderTitleContainer"
                      role="presentation"
                    >
                      <div
                        class="MuiDataGrid-columnHeaderTitleContainerContent"
                      >
                        <div
                          aria-label=""
                          class="MuiDataGrid-columnHeaderTitle css-t89xny-MuiDataGrid-columnHeaderTitle"
                          data-mui-internal-clone-element="true"
                        >
                          AÃ§Ãµes
                        </div>
                      </div>
                    </div>
                  </div>
                  <div
                    class="MuiDataGrid-columnSeparator MuiDataGrid-columnSeparator--resizable MuiDataGrid-columnSeparator--sideRight"
                    style="min-height: 56px; opacity: 1;"
                  >
                    <svg
                      aria-hidden="true"
                      class="MuiSvgIcon-root MuiSvgIcon-fontSizeMedium MuiDataGrid-iconSeparator css-i4bv87-MuiSvgIcon-root"
                      data-testid="SeparatorIcon"
                      focusable="false"
                      viewBox="0 0 24 24"
                    >
                      <path
                        d="M11 19V5h2v14z"
                      />
                    </svg>
                  </div>
                </div>
                <div
                  class="MuiDataGrid-filler"
                  role="presentation"
                />
                <div
                  class="MuiDataGrid-scrollbarFiller MuiDataGrid-scrollbarFiller--header"
                  role="presentation"
                />
              </div>
            </div>
          </div>
          <div
            class="MuiDataGrid-virtualScrollerContent css-1kwdphh-MuiDataGrid-virtualScrollerContent"
            role="presentation"
            style="width: auto; height: 1px;"
          >
            <div
              class="MuiDataGrid-virtualScrollerRenderZone css-s1v7zr-MuiDataGrid-virtualScrollerRenderZone"
              role="rowgroup"
              style="transform: translate3d(0, 0px, 0);"
            />
          </div>
          <div
            class="MuiDataGrid-bottomContainer MuiDataGrid-container--bottom css-14egwce"
            role="presentation"
          />
        </div>
        <div
          class="MuiDataGrid-scrollbar MuiDataGrid-scrollbar--horizontal css-1rtad1"
          tabindex="-1"
        >
          <div
            class="MuiDataGrid-scrollbarContent css-1baulvz"
          />
        </div>
      </div>
      <div
        class="MuiDataGrid-footerContainer MuiDataGrid-withBorderColor css-wop1k0-MuiDataGrid-footerContainer"
      >
        <div />
        <div
          class="MuiTablePagination-root css-rtrcn9-MuiTablePagination-root"
        >
          <div
            class="MuiToolbar-root MuiToolbar-gutters MuiToolbar-regular MuiTablePagination-toolbar css-78c6dr-MuiToolbar-root-MuiTablePagination-toolbar"
          >
            <div
              class="MuiTablePagination-spacer css-1psng7p-MuiTablePagination-spacer"
            />
            <p
              class="MuiTablePagination-displayedRows css-levciy-MuiTablePagination-displayedRows"
            >
              1â€“0 of 1
            </p>
            <div
              class="MuiTablePagination-actions"
            >
              <button
                aria-label="Go to previous page"
                class="MuiButtonBase-root Mui-disabled MuiIconButton-root Mui-disabled MuiIconButton-colorInherit MuiIconButton-sizeMedium css-zylse7-MuiButtonBase-root-MuiIconButton-root"
                disabled=""
                tabindex="-1"
                title="Go to previous page"
                type="button"
              >
                <svg
                  aria-hidden="true"
                  class="MuiSvgIcon-root MuiSvgIcon-fontSizeMedium css-i4bv87-MuiSvgIcon-root"
                  data-testid="KeyboardArrowLeftIcon"
                  focusable="false"
                  viewBox="0 0 24 24"
                >
                  <path
                    d="M15.41 16.09l-4.58-4.59 4.58-4.59L14 5.5l-6 6 6 6z"
                  />
                </svg>
              </button>
              <button
                aria-label="Go to next page"
                class="MuiButtonBase-root MuiIconButton-root MuiIconButton-colorInherit MuiIconButton-sizeMedium css-zylse7-MuiButtonBase-root-MuiIconButton-root"
                tabindex="0"
                title="Go to next page"
                type="button"
              >
                <svg
                  aria-hidden="true"
                  class="MuiSvgIcon-root MuiSvgIcon-fontSizeMedium css-i4bv87-MuiSvgIcon-root"
                  data-testid="KeyboardArrowRightIcon"
                  focusable="false"
                  viewBox="0 0 24 24"
                >
                  <path
                    d="M8.59 16.34l4.58-4.59-4.58-4.59L10 5.75l6 6-6 6z"
                  />
                </svg>
                <span
                  class="MuiTouchRipple-root css-8je8zh-MuiTouchRipple-root"
                />
              </button>
            </div>
          </div>
        </div>
      </div>
    </div>
  </div>
</DocumentFragment>
`;
